<area shape="rect" href="$mol_8h.shtml" title="Handle bonds." alt="" coords="138,768,194,794">
<area shape="rect" href="$forcefield_8cpp.shtml" title="Handle forcefields." alt="" coords="906,312,1010,338">
<area shape="rect" href="$bond_8cpp.shtml" title="Handle molecules. Declarations of OBMol, OBAtom, OBBond, OBResidue. (the main header..." alt="" coords="285,1477,362,1504">
<area shape="rect" href="$residue_8cpp.shtml" title="Handle bonds." alt="" coords="121,869,212,896">
<area shape="rect" href="$forcefield_8h.shtml" title="Handle molecules. Declarations of OBMol, OBAtom, OBBond, OBResidue. (the main header..." alt="" coords="769,236,857,262">
<area shape="rect" href="$groupcontrib_8h.shtml" title="Handle molecules. Declarations of OBMol, OBAtom, OBBond, OBResidue. (the main header..." alt="" coords="436,464,545,490">
<area shape="rect" href="$obmolecformat_8h.shtml" title="Handle molecules. Declarations of OBMol, OBAtom, OBBond, OBResidue. (the main header..." alt="" coords="262,413,385,440">
<area shape="rect" href="$xml_8h.shtml" title="Subclass of OBFormat for conversion of OBMol." alt="" coords="462,413,518,440">
<area shape="rect" href="$parsmart_8h.shtml" title="Handle molecules. Declarations of OBMol, OBAtom, OBBond, OBResidue. (the main header..." alt="" coords="280,666,368,693">
<area shape="rect" href="$bondtyper_8cpp.shtml" title="Bond typer to perceive connectivity and bond orders/types." alt="" coords="604,540,710,566">
<area shape="rect" href="$mol_8cpp.shtml" title="Bond typer to perceive connectivity and bond orders/types." alt="" coords="924,862,993,889">
<area shape="rect" href="$atom_8cpp.shtml" title="Read pH rules and assign charges." alt="" coords="618,818,696,845">
<area shape="rect" href="$phmodel_8cpp.shtml" title="Read pH rules and assign charges." alt="" coords="608,920,706,946">
<area shape="rect" href="$rotamer_8h.shtml" title="Rotate torsional according to rotor rules." alt="" coords="773,805,853,832">
<area shape="rect" href="$rotor_8cpp.shtml" title="Rotate torsional according to rotor rules." alt="" coords="776,729,850,756">
<area shape="rect" href="$typer_8cpp.shtml" title="Open Babel atom and aromaticity typer." alt="" coords="618,666,696,693">
<area shape="rect" href="$parsmart_8cpp.shtml" title="Daylight SMARTS parser." alt="" coords="440,565,541,592">
<area shape="rect" href="$canon_8cpp.shtml" title="Handle molecules. Declarations of OBMol, OBAtom, OBBond, OBResidue. (the main header..." alt="" coords="281,1021,366,1048">
<area shape="rect" href="$chains_8cpp.shtml" title="Handle molecules. Declarations of OBMol, OBAtom, OBBond, OBResidue. (the main header..." alt="" coords="281,1072,366,1098">
<area shape="rect" href="$chiral_8cpp.shtml" title="Handle molecules. Declarations of OBMol, OBAtom, OBBond, OBResidue. (the main header..." alt="" coords="284,1122,364,1149">
<area shape="rect" href="$data_8cpp.shtml" title="Handle molecules. Declarations of OBMol, OBAtom, OBBond, OBResidue. (the main header..." alt="" coords="286,1173,361,1200">
<area shape="rect" href="$generic_8cpp.shtml" title="Handle molecules. Declarations of OBMol, OBAtom, OBBond, OBResidue. (the main header..." alt="" coords="278,1224,369,1250">
<area shape="rect" href="$grid_8cpp.shtml" title="Handle molecules. Declarations of OBMol, OBAtom, OBBond, OBResidue. (the main header..." alt="" coords="289,1274,358,1301">
<area shape="rect" href="$kekulize_8cpp.shtml" title="Handle molecules. Declarations of OBMol, OBAtom, OBBond, OBResidue. (the main header..." alt="" coords="276,1325,372,1352">
<area shape="rect" href="$molchrg_8cpp.shtml" title="Handle molecules. Declarations of OBMol, OBAtom, OBBond, OBResidue. (the main header..." alt="" coords="276,1376,372,1402">
<area shape="rect" href="$obiter_8cpp.shtml" title="Handle molecules. Declarations of OBMol, OBAtom, OBBond, OBResidue. (the main header..." alt="" coords="284,1426,364,1453">
<area shape="rect" href="$obutil_8cpp.shtml" title="Handle molecules. Declarations of OBMol, OBAtom, OBBond, OBResidue. (the main header..." alt="" coords="284,58,364,85">
<area shape="rect" href="$patty_8cpp.shtml" title="Handle molecules. Declarations of OBMol, OBAtom, OBBond, OBResidue. (the main header..." alt="" coords="285,109,362,136">
<area shape="rect" href="$ring_8cpp.shtml" title="Handle molecules. Declarations of OBMol, OBAtom, OBBond, OBResidue. (the main header..." alt="" coords="289,160,358,186">
<area shape="rect" href="$transform_8cpp.shtml" title="Handle molecules. Declarations of OBMol, OBAtom, OBBond, OBResidue. (the main header..." alt="" coords="272,261,376,288">
<area shape="rect" href="$groupcontrib_8cpp.shtml" title="Handle group contribution algorithms." alt="" coords="596,464,718,490">
<area shape="rect" href="$bondtyper_8h.shtml" title="Daylight SMARTS parser." alt="" coords="444,616,537,642">
<area shape="rect" href="$phmodel_8h.shtml" title="Daylight SMARTS parser." alt="" coords="448,869,533,896">
<area shape="rect" href="$rotor_8h.shtml" title="Daylight SMARTS parser." alt="" coords="626,717,688,744">
<area shape="rect" href="$typer_8h.shtml" title="Daylight SMARTS parser." alt="" coords="458,717,522,744">
<area shape="rect" href="$rotamer_8cpp.shtml" title="Handle rotamer list data." alt="" coords="912,805,1005,832">
