<area shape="rect" href="$mol_8h.shtml" title="Canonical numbering of SMILES, molecules and fragments." alt="" coords="149,666,271,693">
<area shape="rect" href="$canon_8h.shtml" title="Canonical numbering of SMILES, molecules and fragments." alt="" coords="141,717,279,744">
<area shape="rect" href="$atom_8h.shtml" title="Handle molecules. Declarations of OBMol, OBAtom, OBBond, OBResidue. (the main header..." alt="" coords="542,666,673,693">
<area shape="rect" href="$base_8h.shtml" title="Handle atoms." alt="" coords="942,565,1070,592">
<area shape="rect" href="$generic_8h.shtml" title="Base classes to build a graph." alt="" coords="1125,616,1269,642">
<area shape="rect" href="$vector3_8h.shtml" title="Handle generic data classes. Custom data for atoms, bonds, etc." alt="" coords="1323,413,1502,440">
<area shape="rect" href="$residue_8h.shtml" title="Handle atoms." alt="" coords="747,717,891,744">
<area shape="rect" href="$bond_8h.shtml" title="Handle molecules. Declarations of OBMol, OBAtom, OBBond, OBResidue. (the main header..." alt="" coords="333,540,463,566">
<area shape="rect" href="$data_8h.shtml" title="Handle molecules. Declarations of OBMol, OBAtom, OBBond, OBResidue. (the main header..." alt="" coords="1133,1376,1261,1402">
<area shape="rect" href="$chains_8h.shtml" title="Handle molecules. Declarations of OBMol, OBAtom, OBBond, OBResidue. (the main header..." alt="" coords="329,109,467,136">
<area shape="rect" href="$bitvec_8h.shtml" title="Handle molecules. Declarations of OBMol, OBAtom, OBBond, OBResidue. (the main header..." alt="" coords="1129,1173,1265,1200">
<area shape="rect" href="$ring_8h.shtml" title="Handle molecules. Declarations of OBMol, OBAtom, OBBond, OBResidue. (the main header..." alt="" coords="945,1274,1067,1301">
<area shape="rect" href="$typer_8h.shtml" title="Handle molecules. Declarations of OBMol, OBAtom, OBBond, OBResidue. (the main header..." alt="" coords="941,1376,1071,1402">
<area shape="rect" href="$oberror_8h.shtml" title="Handle molecules. Declarations of OBMol, OBAtom, OBBond, OBResidue. (the main header..." alt="" coords="1125,1578,1269,1605">
<area shape="rect" href="$obiter_8h.shtml" title="Handle molecules. Declarations of OBMol, OBAtom, OBBond, OBResidue. (the main header..." alt="" coords="753,920,886,946">
<area shape="rect" href="$internalcoord_8h.shtml" title="Handle molecules. Declarations of OBMol, OBAtom, OBBond, OBResidue. (the main header..." alt="" coords="517,72,698,98">
<area shape="rect" href="$obutil_8h.shtml" title="Handle generic data classes. Custom data for atoms, bonds, etc." alt="" coords="1346,616,1479,642">
<area shape="rect" href="$rand_8h.shtml" title="Handle 3D coordinates." alt="" coords="1553,514,1681,541">
<area shape="rect" href="$parsmart_8h.shtml" title="Open Babel atom and aromaticity typer." alt="" coords="1119,1325,1274,1352">
