<area shape="rect" href="$bondtyper_8h.shtml" title="Daylight SMARTS parser." alt="" coords="257,58,350,85">
<area shape="rect" href="$groupcontrib_8h.shtml" title="Daylight SMARTS parser." alt="" coords="408,1426,517,1453">
<area shape="rect" href="$phmodel_8h.shtml" title="Daylight SMARTS parser." alt="" coords="261,185,346,212">
<area shape="rect" href="$rotor_8h.shtml" title="Daylight SMARTS parser." alt="" coords="273,413,334,440">
<area shape="rect" href="$typer_8h.shtml" title="Daylight SMARTS parser." alt="" coords="144,464,208,490">
<area shape="rect" href="$parsmart_8cpp.shtml" title="Handle molecules. Declarations of OBMol, OBAtom, OBBond, OBResidue. (the main header..." alt="" coords="412,1477,513,1504">
<area shape="rect" href="$bondtyper_8cpp.shtml" title="Bond typer to perceive connectivity and bond orders/types." alt="" coords="409,58,516,85">
<area shape="rect" href="$mol_8cpp.shtml" title="Bond typer to perceive connectivity and bond orders/types." alt="" coords="601,185,670,212">
<area shape="rect" href="$groupcontrib_8cpp.shtml" title="Handle group contribution algorithms." alt="" coords="574,1426,697,1453">
<area shape="rect" href="$atom_8cpp.shtml" title="Read pH rules and assign charges." alt="" coords="424,160,501,186">
<area shape="rect" href="$phmodel_8cpp.shtml" title="Read pH rules and assign charges." alt="" coords="413,210,512,237">
<area shape="rect" href="$rotamer_8h.shtml" title="Rotate torsional according to rotor rules." alt="" coords="422,312,502,338">
<area shape="rect" href="$forcefield_8cpp.shtml" title="Handle rotamer list data." alt="" coords="584,438,688,465">
<area shape="rect" href="$rotor_8cpp.shtml" title="Rotate torsional according to rotor rules." alt="" coords="425,413,500,440">
<area shape="rect" href="$rotamer_8cpp.shtml" title="Handle rotamer list data." alt="" coords="589,312,682,338">
<area shape="rect" href="$mol_8h.shtml" title="Open Babel atom and aromaticity typer." alt="" coords="276,768,332,794">
<area shape="rect" href="$typer_8cpp.shtml" title="Handle molecules. Declarations of OBMol, OBAtom, OBBond, OBResidue. (the main header..." alt="" coords="424,464,501,490">
<area shape="rect" href="$forcefield_8h.shtml" title="Handle molecules. Declarations of OBMol, OBAtom, OBBond, OBResidue. (the main header..." alt="" coords="418,1072,506,1098">
<area shape="rect" href="$obmolecformat_8h.shtml" title="Handle molecules. Declarations of OBMol, OBAtom, OBBond, OBResidue. (the main header..." alt="" coords="401,1376,524,1402">
<area shape="rect" href="$xml_8h.shtml" title="Subclass of OBFormat for conversion of OBMol." alt="" coords="608,1350,664,1377">
<area shape="rect" href="$bond_8cpp.shtml" title="Handle molecules. Declarations of OBMol, OBAtom, OBBond, OBResidue. (the main header..." alt="" coords="424,565,501,592">
<area shape="rect" href="$canon_8cpp.shtml" title="Handle molecules. Declarations of OBMol, OBAtom, OBBond, OBResidue. (the main header..." alt="" coords="420,616,505,642">
<area shape="rect" href="$chains_8cpp.shtml" title="Handle molecules. Declarations of OBMol, OBAtom, OBBond, OBResidue. (the main header..." alt="" coords="420,666,505,693">
<area shape="rect" href="$chiral_8cpp.shtml" title="Handle molecules. Declarations of OBMol, OBAtom, OBBond, OBResidue. (the main header..." alt="" coords="422,717,502,744">
<area shape="rect" href="$data_8cpp.shtml" title="Handle molecules. Declarations of OBMol, OBAtom, OBBond, OBResidue. (the main header..." alt="" coords="425,768,500,794">
<area shape="rect" href="$generic_8cpp.shtml" title="Handle molecules. Declarations of OBMol, OBAtom, OBBond, OBResidue. (the main header..." alt="" coords="417,818,508,845">
<area shape="rect" href="$grid_8cpp.shtml" title="Handle molecules. Declarations of OBMol, OBAtom, OBBond, OBResidue. (the main header..." alt="" coords="428,869,497,896">
<area shape="rect" href="$kekulize_8cpp.shtml" title="Handle molecules. Declarations of OBMol, OBAtom, OBBond, OBResidue. (the main header..." alt="" coords="414,920,510,946">
<area shape="rect" href="$molchrg_8cpp.shtml" title="Handle molecules. Declarations of OBMol, OBAtom, OBBond, OBResidue. (the main header..." alt="" coords="414,970,510,997">
<area shape="rect" href="$obiter_8cpp.shtml" title="Handle molecules. Declarations of OBMol, OBAtom, OBBond, OBResidue. (the main header..." alt="" coords="422,1021,502,1048">
<area shape="rect" href="$obutil_8cpp.shtml" title="Handle molecules. Declarations of OBMol, OBAtom, OBBond, OBResidue. (the main header..." alt="" coords="422,1122,502,1149">
<area shape="rect" href="$patty_8cpp.shtml" title="Handle molecules. Declarations of OBMol, OBAtom, OBBond, OBResidue. (the main header..." alt="" coords="424,1173,501,1200">
<area shape="rect" href="$ring_8cpp.shtml" title="Handle molecules. Declarations of OBMol, OBAtom, OBBond, OBResidue. (the main header..." alt="" coords="428,1224,497,1250">
<area shape="rect" href="$transform_8cpp.shtml" title="Handle molecules. Declarations of OBMol, OBAtom, OBBond, OBResidue. (the main header..." alt="" coords="410,1274,514,1301">
