<area shape="rect" href="$obutil_8h.shtml" title="Pseudo random number generator." alt="" coords="124,160,190,186">
<area shape="rect" href="$vector3_8h.shtml" title="Pseudo random number generator." alt="" coords="117,210,197,237">
<area shape="rect" href="$rand_8cpp.shtml" title="Pseudo random number generator." alt="" coords="120,261,194,288">
<area shape="rect" href="$generic_8h.shtml" title="Various utility methods." alt="" coords="253,261,330,288">
<area shape="rect" href="$obutil_8cpp.shtml" title="Handle molecules. Declarations of OBMol, OBAtom, OBBond, OBResidue. (the main header..." alt="" coords="1036,160,1116,186">
<area shape="rect" href="$matrix3x3_8cpp.shtml" title="Various utility methods." alt="" coords="1022,8,1129,34">
<area shape="rect" href="$vector3_8cpp.shtml" title="Various utility methods." alt="" coords="245,160,338,186">
<area shape="rect" href="$base_8h.shtml" title="Handle generic data classes. Custom data for atoms, bonds, etc." alt="" coords="396,1502,457,1529">
<area shape="rect" href="$mol_8h.shtml" title="Handle bonds." alt="" coords="890,1046,946,1073">
<area shape="rect" href="$rotamer_8h.shtml" title="Rotate torsional according to rotor rules." alt="" coords="1521,666,1601,693">
<area shape="rect" href="$generic_8cpp.shtml" title="Handle molecules. Declarations of OBMol, OBAtom, OBBond, OBResidue. (the main header..." alt="" coords="1030,261,1121,288">
<area shape="rect" href="$kinetics_8h.shtml" title="Handle generic data classes. Custom data for atoms, bonds, etc." alt="" coords="388,312,465,338">
<area shape="rect" href="$atom_8h.shtml" title="Base classes to build a graph." alt="" coords="642,1578,706,1605">
<area shape="rect" href="$bond_8h.shtml" title="Handle atoms." alt="" coords="757,1528,821,1554">
<area shape="rect" href="$forcefield_8h.shtml" title="Handle molecules. Declarations of OBMol, OBAtom, OBBond, OBResidue. (the main header..." alt="" coords="1032,1781,1120,1808">
<area shape="rect" href="$obiter_8h.shtml" title="Base classes to build a graph." alt="" coords="756,1756,822,1782">
<area shape="rect" href="$residue_8h.shtml" title="Base classes to build a graph." alt="" coords="516,1528,593,1554">
<area shape="rect" href="$base_8cpp.shtml" title="Base classes to build a graph." alt="" coords="516,1325,593,1352">
<area shape="rect" href="$forcefield_8cpp.shtml" title="Handle forcefields." alt="" coords="1650,1629,1754,1656">
<area shape="rect" href="$atom_8cpp.shtml" title="Read pH rules and assign charges." alt="" coords="1370,1313,1448,1340">
<area shape="rect" href="$grid_8cpp.shtml" title="Handle molecules. Declarations of OBMol, OBAtom, OBBond, OBResidue. (the main header..." alt="" coords="1041,1578,1110,1605">
<area shape="rect" href="$bond_8cpp.shtml" title="Handle molecules. Declarations of OBMol, OBAtom, OBBond, OBResidue. (the main header..." alt="" coords="1037,1528,1114,1554">
<area shape="rect" href="$groupcontrib_8h.shtml" title="Handle molecules. Declarations of OBMol, OBAtom, OBBond, OBResidue. (the main header..." alt="" coords="1188,1072,1297,1098">
<area shape="rect" href="$obmolecformat_8h.shtml" title="Handle molecules. Declarations of OBMol, OBAtom, OBBond, OBResidue. (the main header..." alt="" coords="1014,514,1137,541">
<area shape="rect" href="$xml_8h.shtml" title="Subclass of OBFormat for conversion of OBMol." alt="" coords="1214,540,1270,566">
<area shape="rect" href="$parsmart_8h.shtml" title="Handle molecules. Declarations of OBMol, OBAtom, OBBond, OBResidue. (the main header..." alt="" coords="1032,666,1120,693">
<area shape="rect" href="$bondtyper_8cpp.shtml" title="Bond typer to perceive connectivity and bond orders/types." alt="" coords="1356,616,1462,642">
<area shape="rect" href="$mol_8cpp.shtml" title="Bond typer to perceive connectivity and bond orders/types." alt="" coords="1668,565,1737,592">
<area shape="rect" href="$phmodel_8cpp.shtml" title="Read pH rules and assign charges." alt="" coords="1360,1021,1458,1048">
<area shape="rect" href="$rotor_8cpp.shtml" title="Rotate torsional according to rotor rules." alt="" coords="1524,768,1598,794">
<area shape="rect" href="$typer_8cpp.shtml" title="Open Babel atom and aromaticity typer." alt="" coords="1370,970,1448,997">
<area shape="rect" href="$parsmart_8cpp.shtml" title="Daylight SMARTS parser." alt="" coords="1192,616,1293,642">
<area shape="rect" href="$canon_8cpp.shtml" title="Handle molecules. Declarations of OBMol, OBAtom, OBBond, OBResidue. (the main header..." alt="" coords="1033,818,1118,845">
<area shape="rect" href="$chains_8cpp.shtml" title="Handle molecules. Declarations of OBMol, OBAtom, OBBond, OBResidue. (the main header..." alt="" coords="1033,869,1118,896">
<area shape="rect" href="$chiral_8cpp.shtml" title="Handle molecules. Declarations of OBMol, OBAtom, OBBond, OBResidue. (the main header..." alt="" coords="1036,312,1116,338">
<area shape="rect" href="$data_8cpp.shtml" title="Handle molecules. Declarations of OBMol, OBAtom, OBBond, OBResidue. (the main header..." alt="" coords="1038,920,1113,946">
<area shape="rect" href="$kekulize_8cpp.shtml" title="Handle molecules. Declarations of OBMol, OBAtom, OBBond, OBResidue. (the main header..." alt="" coords="1028,1021,1124,1048">
<area shape="rect" href="$molchrg_8cpp.shtml" title="Handle molecules. Declarations of OBMol, OBAtom, OBBond, OBResidue. (the main header..." alt="" coords="1028,1122,1124,1149">
<area shape="rect" href="$obiter_8cpp.shtml" title="Handle molecules. Declarations of OBMol, OBAtom, OBBond, OBResidue. (the main header..." alt="" coords="1036,1629,1116,1656">
<area shape="rect" href="$patty_8cpp.shtml" title="Handle molecules. Declarations of OBMol, OBAtom, OBBond, OBResidue. (the main header..." alt="" coords="1037,1224,1114,1250">
<area shape="rect" href="$ring_8cpp.shtml" title="Handle molecules. Declarations of OBMol, OBAtom, OBBond, OBResidue. (the main header..." alt="" coords="1041,1325,1110,1352">
<area shape="rect" href="$transform_8cpp.shtml" title="Handle molecules. Declarations of OBMol, OBAtom, OBBond, OBResidue. (the main header..." alt="" coords="1024,1376,1128,1402">
<area shape="rect" href="$groupcontrib_8cpp.shtml" title="Handle group contribution algorithms." alt="" coords="1348,1072,1470,1098">
<area shape="rect" href="$bondtyper_8h.shtml" title="Daylight SMARTS parser." alt="" coords="1196,666,1289,693">
<area shape="rect" href="$phmodel_8h.shtml" title="Daylight SMARTS parser." alt="" coords="1200,1021,1285,1048">
<area shape="rect" href="$rotor_8h.shtml" title="Daylight SMARTS parser." alt="" coords="1378,768,1440,794">
<area shape="rect" href="$typer_8h.shtml" title="Daylight SMARTS parser." alt="" coords="1210,970,1274,997">
<area shape="rect" href="$rotamer_8cpp.shtml" title="Handle rotamer list data." alt="" coords="1656,666,1749,693">
<area shape="rect" href="$matrix3x3_8h.shtml" title="Handle 3D coordinates." alt="" coords="872,210,965,237">
