<area shape="rect" href="$mol_8h.shtml" title="Handle rotamer list data." alt="" coords="138,1080,261,1106">
<area shape="rect" href="$generic_8h.shtml" title="Base classes to build a graph." alt="" coords="1106,1206,1250,1233">
<area shape="rect" href="$rotor_8h.shtml" title="Handle rotamer list data." alt="" coords="737,294,865,321">
<area shape="rect" href="$atom_8h.shtml" title="Handle molecules. Declarations of OBMol, OBAtom, OBBond, OBResidue. (the main header..." alt="" coords="524,1105,654,1132">
<area shape="rect" href="$base_8h.shtml" title="Handle atoms." alt="" coords="924,1257,1052,1284">
<area shape="rect" href="$vector3_8h.shtml" title="Handle generic data classes. Custom data for atoms, bonds, etc." alt="" coords="1305,1409,1484,1436">
<area shape="rect" href="$residue_8h.shtml" title="Handle atoms." alt="" coords="729,1054,873,1081">
<area shape="rect" href="$bond_8h.shtml" title="Handle molecules. Declarations of OBMol, OBAtom, OBBond, OBResidue. (the main header..." alt="" coords="314,1232,445,1258">
<area shape="rect" href="$data_8h.shtml" title="Handle molecules. Declarations of OBMol, OBAtom, OBBond, OBResidue. (the main header..." alt="" coords="1114,206,1242,233">
<area shape="rect" href="$chains_8h.shtml" title="Handle molecules. Declarations of OBMol, OBAtom, OBBond, OBResidue. (the main header..." alt="" coords="310,1460,449,1486">
<area shape="rect" href="$bitvec_8h.shtml" title="Handle molecules. Declarations of OBMol, OBAtom, OBBond, OBResidue. (the main header..." alt="" coords="1110,725,1246,752">
<area shape="rect" href="$ring_8h.shtml" title="Handle molecules. Declarations of OBMol, OBAtom, OBBond, OBResidue. (the main header..." alt="" coords="926,446,1049,473">
<area shape="rect" href="$typer_8h.shtml" title="Handle molecules. Declarations of OBMol, OBAtom, OBBond, OBResidue. (the main header..." alt="" coords="922,345,1053,372">
<area shape="rect" href="$oberror_8h.shtml" title="Handle molecules. Declarations of OBMol, OBAtom, OBBond, OBResidue. (the main header..." alt="" coords="1106,497,1250,524">
<area shape="rect" href="$obiter_8h.shtml" title="Handle molecules. Declarations of OBMol, OBAtom, OBBond, OBResidue. (the main header..." alt="" coords="734,801,868,828">
<area shape="rect" href="$internalcoord_8h.shtml" title="Handle molecules. Declarations of OBMol, OBAtom, OBBond, OBResidue. (the main header..." alt="" coords="498,1764,680,1790">
<area shape="rect" href="$obutil_8h.shtml" title="Handle generic data classes. Custom data for atoms, bonds, etc." alt="" coords="1328,1206,1461,1233">
<area shape="rect" href="$rand_8h.shtml" title="Handle 3D coordinates." alt="" coords="1534,1358,1662,1385">
<area shape="rect" href="$parsmart_8h.shtml" title="Open Babel atom and aromaticity typer." alt="" coords="1101,345,1256,372">
