<area shape="rect" href="$mol_8h.shtml" title="Open Babel atom and aromaticity typer." alt="" coords="120,745,176,771">
<area shape="rect" href="$rotor_8h.shtml" title="Daylight SMARTS parser." alt="" coords="422,187,484,214">
<area shape="rect" href="$typer_8cpp.shtml" title="Handle molecules. Declarations of OBMol, OBAtom, OBBond, OBResidue. (the main header..." alt="" coords="248,1454,325,1481">
<area shape="rect" href="$forcefield_8h.shtml" title="Handle molecules. Declarations of OBMol, OBAtom, OBBond, OBResidue. (the main header..." alt="" coords="409,871,497,898">
<area shape="rect" href="$forcefield_8cpp.shtml" title="Handle forcefields." alt="" coords="730,517,834,543">
<area shape="rect" href="$groupcontrib_8h.shtml" title="Handle molecules. Declarations of OBMol, OBAtom, OBBond, OBResidue. (the main header..." alt="" coords="398,947,508,974">
<area shape="rect" href="$obmolecformat_8h.shtml" title="Handle molecules. Declarations of OBMol, OBAtom, OBBond, OBResidue. (the main header..." alt="" coords="225,1099,348,1126">
<area shape="rect" href="$xml_8h.shtml" title="Subclass of OBFormat for conversion of OBMol." alt="" coords="425,1125,481,1151">
<area shape="rect" href="$parsmart_8h.shtml" title="Handle molecules. Declarations of OBMol, OBAtom, OBBond, OBResidue. (the main header..." alt="" coords="242,238,330,265">
<area shape="rect" href="$bondtyper_8cpp.shtml" title="Bond typer to perceive connectivity and bond orders/types." alt="" coords="566,365,673,391">
<area shape="rect" href="$mol_8cpp.shtml" title="Bond typer to perceive connectivity and bond orders/types." alt="" coords="748,238,817,265">
<area shape="rect" href="$atom_8cpp.shtml" title="Read pH rules and assign charges." alt="" coords="581,555,658,582">
<area shape="rect" href="$phmodel_8cpp.shtml" title="Read pH rules and assign charges." alt="" coords="570,650,669,677">
<area shape="rect" href="$rotamer_8h.shtml" title="Rotate torsional according to rotor rules." alt="" coords="580,137,660,163">
<area shape="rect" href="$rotor_8cpp.shtml" title="Rotate torsional according to rotor rules." alt="" coords="582,238,657,265">
<area shape="rect" href="$parsmart_8cpp.shtml" title="Daylight SMARTS parser." alt="" coords="402,530,504,557">
<area shape="rect" href="$bond_8cpp.shtml" title="Handle molecules. Declarations of OBMol, OBAtom, OBBond, OBResidue. (the main header..." alt="" coords="248,1201,325,1227">
<area shape="rect" href="$canon_8cpp.shtml" title="Handle molecules. Declarations of OBMol, OBAtom, OBBond, OBResidue. (the main header..." alt="" coords="244,1251,329,1278">
<area shape="rect" href="$chains_8cpp.shtml" title="Handle molecules. Declarations of OBMol, OBAtom, OBBond, OBResidue. (the main header..." alt="" coords="244,1302,329,1329">
<area shape="rect" href="$chiral_8cpp.shtml" title="Handle molecules. Declarations of OBMol, OBAtom, OBBond, OBResidue. (the main header..." alt="" coords="246,1353,326,1379">
<area shape="rect" href="$data_8cpp.shtml" title="Handle molecules. Declarations of OBMol, OBAtom, OBBond, OBResidue. (the main header..." alt="" coords="249,1403,324,1430">
<area shape="rect" href="$generic_8cpp.shtml" title="Handle molecules. Declarations of OBMol, OBAtom, OBBond, OBResidue. (the main header..." alt="" coords="241,289,332,315">
<area shape="rect" href="$grid_8cpp.shtml" title="Handle molecules. Declarations of OBMol, OBAtom, OBBond, OBResidue. (the main header..." alt="" coords="252,339,321,366">
<area shape="rect" href="$kekulize_8cpp.shtml" title="Handle molecules. Declarations of OBMol, OBAtom, OBBond, OBResidue. (the main header..." alt="" coords="238,441,334,467">
<area shape="rect" href="$molchrg_8cpp.shtml" title="Handle molecules. Declarations of OBMol, OBAtom, OBBond, OBResidue. (the main header..." alt="" coords="238,491,334,518">
<area shape="rect" href="$obiter_8cpp.shtml" title="Handle molecules. Declarations of OBMol, OBAtom, OBBond, OBResidue. (the main header..." alt="" coords="246,593,326,619">
<area shape="rect" href="$obutil_8cpp.shtml" title="Handle molecules. Declarations of OBMol, OBAtom, OBBond, OBResidue. (the main header..." alt="" coords="246,643,326,670">
<area shape="rect" href="$patty_8cpp.shtml" title="Handle molecules. Declarations of OBMol, OBAtom, OBBond, OBResidue. (the main header..." alt="" coords="248,694,325,721">
<area shape="rect" href="$ring_8cpp.shtml" title="Handle molecules. Declarations of OBMol, OBAtom, OBBond, OBResidue. (the main header..." alt="" coords="252,745,321,771">
<area shape="rect" href="$transform_8cpp.shtml" title="Handle molecules. Declarations of OBMol, OBAtom, OBBond, OBResidue. (the main header..." alt="" coords="234,846,338,873">
<area shape="rect" href="$groupcontrib_8cpp.shtml" title="Handle group contribution algorithms." alt="" coords="558,947,681,974">
<area shape="rect" href="$bondtyper_8h.shtml" title="Daylight SMARTS parser." alt="" coords="406,289,500,315">
<area shape="rect" href="$phmodel_8h.shtml" title="Daylight SMARTS parser." alt="" coords="410,454,496,481">
<area shape="rect" href="$rotamer_8cpp.shtml" title="Handle rotamer list data." alt="" coords="736,137,829,163">
