<area shape="rect" href="$parsmart_8h.shtml" title="Bond typer to perceive connectivity and bond orders/types." alt="" coords="152,312,306,338">
<area shape="rect" href="$data_8h.shtml" title="Handle molecules. Declarations of OBMol, OBAtom, OBBond, OBResidue. (the main header..." alt="" coords="741,185,869,212">
<area shape="rect" href="$mol_8h.shtml" title="Daylight SMARTS parser." alt="" coords="354,1026,477,1053">
<area shape="rect" href="$atom_8h.shtml" title="Handle molecules. Declarations of OBMol, OBAtom, OBBond, OBResidue. (the main header..." alt="" coords="740,768,870,794">
<area shape="rect" href="$base_8h.shtml" title="Handle atoms." alt="" coords="1140,1122,1268,1149">
<area shape="rect" href="$generic_8h.shtml" title="Base classes to build a graph." alt="" coords="1318,1224,1462,1250">
<area shape="rect" href="$vector3_8h.shtml" title="Handle generic data classes. Custom data for atoms, bonds, etc." alt="" coords="1513,1528,1692,1554">
<area shape="rect" href="$residue_8h.shtml" title="Handle atoms." alt="" coords="945,565,1089,592">
<area shape="rect" href="$bond_8h.shtml" title="Handle molecules. Declarations of OBMol, OBAtom, OBBond, OBResidue. (the main header..." alt="" coords="530,1058,661,1085">
<area shape="rect" href="$chains_8h.shtml" title="Handle molecules. Declarations of OBMol, OBAtom, OBBond, OBResidue. (the main header..." alt="" coords="526,1426,665,1453">
<area shape="rect" href="$bitvec_8h.shtml" title="Handle molecules. Declarations of OBMol, OBAtom, OBBond, OBResidue. (the main header..." alt="" coords="1322,920,1458,946">
<area shape="rect" href="$ring_8h.shtml" title="Handle molecules. Declarations of OBMol, OBAtom, OBBond, OBResidue. (the main header..." alt="" coords="1142,1528,1265,1554">
<area shape="rect" href="$typer_8h.shtml" title="Handle molecules. Declarations of OBMol, OBAtom, OBBond, OBResidue. (the main header..." alt="" coords="530,210,661,237">
<area shape="rect" href="$oberror_8h.shtml" title="Handle molecules. Declarations of OBMol, OBAtom, OBBond, OBResidue. (the main header..." alt="" coords="1318,1376,1462,1402">
<area shape="rect" href="$obiter_8h.shtml" title="Handle molecules. Declarations of OBMol, OBAtom, OBBond, OBResidue. (the main header..." alt="" coords="950,970,1084,997">
<area shape="rect" href="$internalcoord_8h.shtml" title="Handle molecules. Declarations of OBMol, OBAtom, OBBond, OBResidue. (the main header..." alt="" coords="714,1325,896,1352">
<area shape="rect" href="$obutil_8h.shtml" title="Handle generic data classes. Custom data for atoms, bonds, etc." alt="" coords="1536,1274,1669,1301">
<area shape="rect" href="$rand_8h.shtml" title="Handle 3D coordinates." alt="" coords="1742,1502,1870,1529">
