<area shape="rect" href="$data_8h.shtml" title="Global data and resource file parsers." alt="" coords="1106,206,1234,233">
<area shape="rect" href="$mol_8h.shtml" title="Global data and resource file parsers." alt="" coords="130,590,253,617">
<area shape="rect" href="$atom_8h.shtml" title="Handle molecules. Declarations of OBMol, OBAtom, OBBond, OBResidue. (the main header..." alt="" coords="516,768,646,794">
<area shape="rect" href="$base_8h.shtml" title="Handle atoms." alt="" coords="916,768,1044,794">
<area shape="rect" href="$generic_8h.shtml" title="Base classes to build a graph." alt="" coords="1098,514,1242,541">
<area shape="rect" href="$vector3_8h.shtml" title="Handle generic data classes. Custom data for atoms, bonds, etc." alt="" coords="1297,413,1476,440">
<area shape="rect" href="$residue_8h.shtml" title="Handle atoms." alt="" coords="721,616,865,642">
<area shape="rect" href="$bond_8h.shtml" title="Handle molecules. Declarations of OBMol, OBAtom, OBBond, OBResidue. (the main header..." alt="" coords="306,717,437,744">
<area shape="rect" href="$chains_8h.shtml" title="Handle molecules. Declarations of OBMol, OBAtom, OBBond, OBResidue. (the main header..." alt="" coords="302,245,441,272">
<area shape="rect" href="$bitvec_8h.shtml" title="Handle molecules. Declarations of OBMol, OBAtom, OBBond, OBResidue. (the main header..." alt="" coords="1102,1224,1238,1250">
<area shape="rect" href="$ring_8h.shtml" title="Handle molecules. Declarations of OBMol, OBAtom, OBBond, OBResidue. (the main header..." alt="" coords="918,1477,1041,1504">
<area shape="rect" href="$typer_8h.shtml" title="Handle molecules. Declarations of OBMol, OBAtom, OBBond, OBResidue. (the main header..." alt="" coords="914,464,1045,490">
<area shape="rect" href="$oberror_8h.shtml" title="Handle molecules. Declarations of OBMol, OBAtom, OBBond, OBResidue. (the main header..." alt="" coords="1098,1528,1242,1554">
<area shape="rect" href="$obiter_8h.shtml" title="Handle molecules. Declarations of OBMol, OBAtom, OBBond, OBResidue. (the main header..." alt="" coords="726,1072,860,1098">
<area shape="rect" href="$internalcoord_8h.shtml" title="Handle molecules. Declarations of OBMol, OBAtom, OBBond, OBResidue. (the main header..." alt="" coords="490,116,672,142">
<area shape="rect" href="$obutil_8h.shtml" title="Handle generic data classes. Custom data for atoms, bonds, etc." alt="" coords="1320,464,1453,490">
<area shape="rect" href="$rand_8h.shtml" title="Handle 3D coordinates." alt="" coords="1526,464,1654,490">
<area shape="rect" href="$parsmart_8h.shtml" title="Open Babel atom and aromaticity typer." alt="" coords="1093,869,1248,896">
