<area shape="rect" href="$base_8h.shtml" title="Handle forcefields." alt="" coords="948,1217,1076,1244">
<area shape="rect" href="$mol_8h.shtml" title="Handle forcefields." alt="" coords="146,1014,269,1041">
<area shape="rect" href="$pluginiter_8h.shtml" title="Handle forcefields." alt="" coords="318,26,473,53">
<area shape="rect" href="$generic_8h.shtml" title="Base classes to build a graph." alt="" coords="1130,1521,1274,1548">
<area shape="rect" href="$vector3_8h.shtml" title="Handle generic data classes. Custom data for atoms, bonds, etc." alt="" coords="1329,1572,1508,1598">
<area shape="rect" href="$obutil_8h.shtml" title="Handle generic data classes. Custom data for atoms, bonds, etc." alt="" coords="1352,1470,1485,1497">
<area shape="rect" href="$rand_8h.shtml" title="Handle 3D coordinates." alt="" coords="1558,1470,1686,1497">
<area shape="rect" href="$atom_8h.shtml" title="Handle molecules. Declarations of OBMol, OBAtom, OBBond, OBResidue. (the main header..." alt="" coords="548,1065,678,1092">
<area shape="rect" href="$residue_8h.shtml" title="Handle atoms." alt="" coords="753,1014,897,1041">
<area shape="rect" href="$bond_8h.shtml" title="Handle molecules. Declarations of OBMol, OBAtom, OBBond, OBResidue. (the main header..." alt="" coords="330,1141,461,1168">
<area shape="rect" href="$data_8h.shtml" title="Handle molecules. Declarations of OBMol, OBAtom, OBBond, OBResidue. (the main header..." alt="" coords="1138,457,1266,484">
<area shape="rect" href="$chains_8h.shtml" title="Handle molecules. Declarations of OBMol, OBAtom, OBBond, OBResidue. (the main header..." alt="" coords="326,1420,465,1446">
<area shape="rect" href="$bitvec_8h.shtml" title="Handle molecules. Declarations of OBMol, OBAtom, OBBond, OBResidue. (the main header..." alt="" coords="1134,558,1270,585">
<area shape="rect" href="$ring_8h.shtml" title="Handle molecules. Declarations of OBMol, OBAtom, OBBond, OBResidue. (the main header..." alt="" coords="950,609,1073,636">
<area shape="rect" href="$typer_8h.shtml" title="Handle molecules. Declarations of OBMol, OBAtom, OBBond, OBResidue. (the main header..." alt="" coords="946,305,1077,332">
<area shape="rect" href="$oberror_8h.shtml" title="Handle molecules. Declarations of OBMol, OBAtom, OBBond, OBResidue. (the main header..." alt="" coords="1130,280,1274,306">
<area shape="rect" href="$obiter_8h.shtml" title="Handle molecules. Declarations of OBMol, OBAtom, OBBond, OBResidue. (the main header..." alt="" coords="758,558,892,585">
<area shape="rect" href="$internalcoord_8h.shtml" title="Handle molecules. Declarations of OBMol, OBAtom, OBBond, OBResidue. (the main header..." alt="" coords="522,1673,704,1700">
<area shape="rect" href="$parsmart_8h.shtml" title="Open Babel atom and aromaticity typer." alt="" coords="1125,508,1280,534">
