<area shape="rect" href="$mol_8h.shtml" title="Assign Gasteiger partial charges." alt="" coords="165,666,288,693">
<area shape="rect" href="$molchrg_8h.shtml" title="Assign Gasteiger partial charges." alt="" coords="152,717,301,744">
<area shape="rect" href="$atom_8h.shtml" title="Handle molecules. Declarations of OBMol, OBAtom, OBBond, OBResidue. (the main header..." alt="" coords="564,666,694,693">
<area shape="rect" href="$base_8h.shtml" title="Handle atoms." alt="" coords="964,565,1092,592">
<area shape="rect" href="$generic_8h.shtml" title="Base classes to build a graph." alt="" coords="1146,616,1290,642">
<area shape="rect" href="$vector3_8h.shtml" title="Handle generic data classes. Custom data for atoms, bonds, etc." alt="" coords="1345,413,1524,440">
<area shape="rect" href="$residue_8h.shtml" title="Handle atoms." alt="" coords="769,717,913,744">
<area shape="rect" href="$bond_8h.shtml" title="Handle molecules. Declarations of OBMol, OBAtom, OBBond, OBResidue. (the main header..." alt="" coords="354,540,485,566">
<area shape="rect" href="$data_8h.shtml" title="Handle molecules. Declarations of OBMol, OBAtom, OBBond, OBResidue. (the main header..." alt="" coords="1154,1376,1282,1402">
<area shape="rect" href="$chains_8h.shtml" title="Handle molecules. Declarations of OBMol, OBAtom, OBBond, OBResidue. (the main header..." alt="" coords="350,109,489,136">
<area shape="rect" href="$bitvec_8h.shtml" title="Handle molecules. Declarations of OBMol, OBAtom, OBBond, OBResidue. (the main header..." alt="" coords="1150,1173,1286,1200">
<area shape="rect" href="$ring_8h.shtml" title="Handle molecules. Declarations of OBMol, OBAtom, OBBond, OBResidue. (the main header..." alt="" coords="966,1274,1089,1301">
<area shape="rect" href="$typer_8h.shtml" title="Handle molecules. Declarations of OBMol, OBAtom, OBBond, OBResidue. (the main header..." alt="" coords="962,1376,1093,1402">
<area shape="rect" href="$oberror_8h.shtml" title="Handle molecules. Declarations of OBMol, OBAtom, OBBond, OBResidue. (the main header..." alt="" coords="1146,1578,1290,1605">
<area shape="rect" href="$obiter_8h.shtml" title="Handle molecules. Declarations of OBMol, OBAtom, OBBond, OBResidue. (the main header..." alt="" coords="774,920,908,946">
<area shape="rect" href="$internalcoord_8h.shtml" title="Handle molecules. Declarations of OBMol, OBAtom, OBBond, OBResidue. (the main header..." alt="" coords="538,72,720,98">
<area shape="rect" href="$obutil_8h.shtml" title="Handle generic data classes. Custom data for atoms, bonds, etc." alt="" coords="1368,616,1501,642">
<area shape="rect" href="$rand_8h.shtml" title="Handle 3D coordinates." alt="" coords="1574,514,1702,541">
<area shape="rect" href="$parsmart_8h.shtml" title="Open Babel atom and aromaticity typer." alt="" coords="1141,1325,1296,1352">
