<area shape="rect" href="$mol_8h.shtml" title="Subclass of OBFormat for conversion of OBMol." alt="" coords="181,869,303,895">
<area shape="rect" href="$obconversion_8h.shtml" title="Subclass of OBFormat for conversion of OBMol." alt="" coords="966,1502,1147,1529">
<area shape="rect" href="$atom_8h.shtml" title="Handle molecules. Declarations of OBMol, OBAtom, OBBond, OBResidue. (the main header..." alt="" coords="566,970,697,997">
<area shape="rect" href="$base_8h.shtml" title="Handle atoms." alt="" coords="993,919,1121,946">
<area shape="rect" href="$generic_8h.shtml" title="Base classes to build a graph." alt="" coords="1203,717,1347,743">
<area shape="rect" href="$vector3_8h.shtml" title="Handle generic data classes. Custom data for atoms, bonds, etc." alt="" coords="1403,413,1582,439">
<area shape="rect" href="$residue_8h.shtml" title="Handle atoms." alt="" coords="771,818,915,845">
<area shape="rect" href="$bond_8h.shtml" title="Handle molecules. Declarations of OBMol, OBAtom, OBBond, OBResidue. (the main header..." alt="" coords="357,869,487,895">
<area shape="rect" href="$data_8h.shtml" title="Handle molecules. Declarations of OBMol, OBAtom, OBBond, OBResidue. (the main header..." alt="" coords="1211,1730,1339,1757">
<area shape="rect" href="$chains_8h.shtml" title="Handle molecules. Declarations of OBMol, OBAtom, OBBond, OBResidue. (the main header..." alt="" coords="353,7,491,34">
<area shape="rect" href="$bitvec_8h.shtml" title="Handle molecules. Declarations of OBMol, OBAtom, OBBond, OBResidue. (the main header..." alt="" coords="1207,666,1343,693">
<area shape="rect" href="$ring_8h.shtml" title="Handle molecules. Declarations of OBMol, OBAtom, OBBond, OBResidue. (the main header..." alt="" coords="995,1122,1118,1149">
<area shape="rect" href="$typer_8h.shtml" title="Handle molecules. Declarations of OBMol, OBAtom, OBBond, OBResidue. (the main header..." alt="" coords="991,1325,1122,1351">
<area shape="rect" href="$oberror_8h.shtml" title="Handle molecules. Declarations of OBMol, OBAtom, OBBond, OBResidue. (the main header..." alt="" coords="1203,1477,1347,1503">
<area shape="rect" href="$obiter_8h.shtml" title="Handle molecules. Declarations of OBMol, OBAtom, OBBond, OBResidue. (the main header..." alt="" coords="777,413,910,439">
<area shape="rect" href="$internalcoord_8h.shtml" title="Handle molecules. Declarations of OBMol, OBAtom, OBBond, OBResidue. (the main header..." alt="" coords="541,58,722,85">
<area shape="rect" href="$obutil_8h.shtml" title="Handle generic data classes. Custom data for atoms, bonds, etc." alt="" coords="1426,615,1559,642">
<area shape="rect" href="$rand_8h.shtml" title="Handle 3D coordinates." alt="" coords="1633,514,1761,541">
<area shape="rect" href="$parsmart_8h.shtml" title="Open Babel atom and aromaticity typer." alt="" coords="1198,1325,1353,1351">
<area shape="rect" href="$dlhandler_8h.shtml" title="Handle file conversions. Declaration of OBFormat, OBConversion." alt="" coords="1197,1578,1354,1605">
