<area shape="rect" href="$mol_8h.shtml" title="Rotate dihedral angles according to rotor rules." alt="" coords="133,774,255,801">
<area shape="rect" href="$rotor_8h.shtml" title="Rotate dihedral angles according to rotor rules." alt="" coords="731,1230,859,1257">
<area shape="rect" href="$atom_8h.shtml" title="Handle molecules. Declarations of OBMol, OBAtom, OBBond, OBResidue. (the main header..." alt="" coords="518,977,649,1003">
<area shape="rect" href="$base_8h.shtml" title="Handle atoms." alt="" coords="918,571,1046,598">
<area shape="rect" href="$generic_8h.shtml" title="Base classes to build a graph." alt="" coords="1101,521,1245,547">
<area shape="rect" href="$vector3_8h.shtml" title="Handle generic data classes. Custom data for atoms, bonds, etc." alt="" coords="1299,217,1478,243">
<area shape="rect" href="$residue_8h.shtml" title="Handle atoms." alt="" coords="723,1129,867,1155">
<area shape="rect" href="$bond_8h.shtml" title="Handle molecules. Declarations of OBMol, OBAtom, OBBond, OBResidue. (the main header..." alt="" coords="309,698,439,725">
<area shape="rect" href="$data_8h.shtml" title="Handle molecules. Declarations of OBMol, OBAtom, OBBond, OBResidue. (the main header..." alt="" coords="1109,1331,1237,1358">
<area shape="rect" href="$chains_8h.shtml" title="Handle molecules. Declarations of OBMol, OBAtom, OBBond, OBResidue. (the main header..." alt="" coords="305,1027,443,1054">
<area shape="rect" href="$bitvec_8h.shtml" title="Handle molecules. Declarations of OBMol, OBAtom, OBBond, OBResidue. (the main header..." alt="" coords="1105,723,1241,750">
<area shape="rect" href="$ring_8h.shtml" title="Handle molecules. Declarations of OBMol, OBAtom, OBBond, OBResidue. (the main header..." alt="" coords="921,318,1043,345">
<area shape="rect" href="$typer_8h.shtml" title="Handle molecules. Declarations of OBMol, OBAtom, OBBond, OBResidue. (the main header..." alt="" coords="917,1281,1047,1307">
<area shape="rect" href="$oberror_8h.shtml" title="Handle molecules. Declarations of OBMol, OBAtom, OBBond, OBResidue. (the main header..." alt="" coords="1101,419,1245,446">
<area shape="rect" href="$obiter_8h.shtml" title="Handle molecules. Declarations of OBMol, OBAtom, OBBond, OBResidue. (the main header..." alt="" coords="729,825,862,851">
<area shape="rect" href="$internalcoord_8h.shtml" title="Handle molecules. Declarations of OBMol, OBAtom, OBBond, OBResidue. (the main header..." alt="" coords="493,115,674,142">
<area shape="rect" href="$obutil_8h.shtml" title="Handle generic data classes. Custom data for atoms, bonds, etc." alt="" coords="1322,521,1455,547">
<area shape="rect" href="$rand_8h.shtml" title="Handle 3D coordinates." alt="" coords="1529,419,1657,446">
<area shape="rect" href="$parsmart_8h.shtml" title="Open Babel atom and aromaticity typer." alt="" coords="1095,1179,1250,1206">
