<area shape="rect" href="$parsmart_8h.shtml" title="Rotate torsional according to rotor rules." alt="" coords="120,261,274,288">
<area shape="rect" href="$typer_8h.shtml" title="Handle molecules. Declarations of OBMol, OBAtom, OBBond, OBResidue. (the main header..." alt="" coords="498,160,629,186">
<area shape="rect" href="$mol_8h.shtml" title="Daylight SMARTS parser." alt="" coords="322,982,445,1009">
<area shape="rect" href="$atom_8h.shtml" title="Handle molecules. Declarations of OBMol, OBAtom, OBBond, OBResidue. (the main header..." alt="" coords="708,1122,838,1149">
<area shape="rect" href="$base_8h.shtml" title="Handle atoms." alt="" coords="1108,1274,1236,1301">
<area shape="rect" href="$generic_8h.shtml" title="Base classes to build a graph." alt="" coords="1286,1325,1430,1352">
<area shape="rect" href="$vector3_8h.shtml" title="Handle generic data classes. Custom data for atoms, bonds, etc." alt="" coords="1481,1426,1660,1453">
<area shape="rect" href="$residue_8h.shtml" title="Handle atoms." alt="" coords="913,1122,1057,1149">
<area shape="rect" href="$bond_8h.shtml" title="Handle molecules. Declarations of OBMol, OBAtom, OBBond, OBResidue. (the main header..." alt="" coords="498,1376,629,1402">
<area shape="rect" href="$data_8h.shtml" title="Handle molecules. Declarations of OBMol, OBAtom, OBBond, OBResidue. (the main header..." alt="" coords="1294,210,1422,237">
<area shape="rect" href="$chains_8h.shtml" title="Handle molecules. Declarations of OBMol, OBAtom, OBBond, OBResidue. (the main header..." alt="" coords="494,1325,633,1352">
<area shape="rect" href="$bitvec_8h.shtml" title="Handle molecules. Declarations of OBMol, OBAtom, OBBond, OBResidue. (the main header..." alt="" coords="1290,666,1426,693">
<area shape="rect" href="$ring_8h.shtml" title="Handle molecules. Declarations of OBMol, OBAtom, OBBond, OBResidue. (the main header..." alt="" coords="1110,438,1233,465">
<area shape="rect" href="$oberror_8h.shtml" title="Handle molecules. Declarations of OBMol, OBAtom, OBBond, OBResidue. (the main header..." alt="" coords="1286,514,1430,541">
<area shape="rect" href="$obiter_8h.shtml" title="Handle molecules. Declarations of OBMol, OBAtom, OBBond, OBResidue. (the main header..." alt="" coords="918,920,1052,946">
<area shape="rect" href="$internalcoord_8h.shtml" title="Handle molecules. Declarations of OBMol, OBAtom, OBBond, OBResidue. (the main header..." alt="" coords="682,134,864,161">
<area shape="rect" href="$obutil_8h.shtml" title="Handle generic data classes. Custom data for atoms, bonds, etc." alt="" coords="1504,1224,1637,1250">
<area shape="rect" href="$rand_8h.shtml" title="Handle 3D coordinates." alt="" coords="1710,1274,1838,1301">
