<area shape="rect" href="$mol_8h.shtml" title="Handle molecules. Declarations of OBMol, OBAtom, OBBond, OBResidue. (the main header..." alt="" coords="1801,155,1857,182">
<area shape="rect" href="$obiter_8h.shtml" title="STL&#45;style iterators for Open Babel." alt="" coords="227,80,293,107">
<area shape="rect" href="$ring_8h.shtml" title="Deal with rings, find smallest set of smallest rings (SSSR)." alt="" coords="1833,80,1889,107">
<area shape="rect" href="$bitvec_8cpp.shtml" title="Fast and efficient bitstring class." alt="" coords="1913,80,1996,107">
<area shape="rect" href="$residue_8cpp.shtml" title="Handle macromolecule residues." alt="" coords="2020,80,2111,107">
<area shape="rect" href="$alias_8h.shtml" title="OBGenericData class to for atom alias data (e.g., in 2D drawing programs for &quot;COOH&quot;)..." alt="" coords="1261,230,1323,256">
<area shape="rect" href="$generic_8cpp.shtml" title="Handle OBGenericData classes. Custom data for atoms, bonds, etc." alt="" coords="1212,304,1303,331">
<area shape="rect" href="$builder_8h.shtml" title="Class to build 3D structures." alt="" coords="3565,230,3640,256">
<area shape="rect" href="$builder_8cpp.shtml" title="Handle OBBuilder class." alt="" coords="3596,304,3684,331">
<area shape="rect" href="$mol_8cpp.shtml" title="Handle molecules. Implementation of OBMol." alt="" coords="3467,304,3536,331">
<area shape="rect" href="$forcefield_8h.shtml" title="Handle forcefields." alt="" coords="581,230,669,256">
<area shape="rect" href="$forcefield_8cpp.shtml" title="Handle OBForceField class." alt="" coords="513,304,615,331">
<area shape="rect" href="$groupcontrib_8h.shtml" title="Handle group contribution algorithms." alt="" coords="660,304,769,331">
<area shape="rect" href="$obmolecformat_8h.shtml" title="Subclass of OBFormat for conversion of OBMol." alt="" coords="333,230,456,256">
<area shape="rect" href="$xml_8h.shtml" title="Declaration of XMLConversion, declaration and definition of XMLBaseFormat and XMLMoleculeFormat..." alt="" coords="400,304,456,331">
<area shape="rect" href="$optransform_8h.shtml" title="Operations to change molecules using a datafile of chemical transformations OBChemTsfm..." alt="" coords="1080,230,1187,256">
<area shape="rect" href="$parsmart_8h.shtml" title="Daylight SMARTS parser." alt="" coords="744,230,832,256">
<area shape="rect" href="$parsmart_8cpp.shtml" title="Implementation of Daylight SMARTS parser." alt="" coords="803,304,904,331">
<area shape="rect" href="$pointgroup_8h.shtml" title="Brute&#45;force point group detection." alt="" coords="957,230,1056,256">
<area shape="rect" href="$pointgroup_8cpp.shtml" title="Brute&#45;force point group detection." alt="" coords="940,304,1052,331">
<area shape="rect" href="$reaction_8h.shtml" title="Handle chemical reactions (i.e., lists of reagents and products)." alt="" coords="1347,230,1429,256">
<area shape="rect" href="$rotamer_8h.shtml" title="Handle rotamer list data." alt="" coords="3461,230,3541,256">
<area shape="rect" href="$atom_8cpp.shtml" title="Handle OBAtom class." alt="" coords="1453,230,1531,256">
<area shape="rect" href="$bond_8cpp.shtml" title="Handle OBBond class." alt="" coords="1555,230,1632,256">
<area shape="rect" href="$bondtyper_8cpp.shtml" title="Bond typer to perceive connectivity and bond orders/types." alt="" coords="1656,230,1763,256">
<area shape="rect" href="$canon_8cpp.shtml" title="Canonical numbering of SMILES, molecules and fragments." alt="" coords="1787,230,1872,256">
<area shape="rect" href="$chains_8cpp.shtml" title="Parse for macromolecule chains and residues." alt="" coords="1896,230,1981,256">
<area shape="rect" href="$chiral_8cpp.shtml" title="Detect chiral atoms and molecules." alt="" coords="2005,230,2085,256">
<area shape="rect" href="$data_8cpp.shtml" title="Global data and resource file parsers." alt="" coords="2109,230,2184,256">
<area shape="rect" href="$grid_8cpp.shtml" title="Handle grids of values." alt="" coords="2208,230,2277,256">
<area shape="rect" href="$griddata_8cpp.shtml" title="OBGenericData class to connect numeric grids (e.g., orbitals, electrostatic potential)..." alt="" coords="2301,230,2397,256">
<area shape="rect" href="$kekulize_8cpp.shtml" title="Alternate algorithm to kekulize a molecule (OBMol::NewPerceiveKekuleBonds())." alt="" coords="2421,230,2517,256">
<area shape="rect" href="$molchrg_8cpp.shtml" title="Assign Gasteiger partial charges." alt="" coords="2541,230,2637,256">
<area shape="rect" href="$obiter_8cpp.shtml" title="STL&#45;style iterators for Open Babel." alt="" coords="107,230,187,256">
<area shape="rect" href="$obutil_8cpp.shtml" title="Various utility methods." alt="" coords="2661,230,2741,256">
<area shape="rect" href="$ops_8cpp.shtml" title="Base plugin class for operations on molecules." alt="" coords="2765,230,2835,256">
<area shape="rect" href="$patty_8cpp.shtml" title="Programmable atom typer." alt="" coords="2859,230,2936,256">
<area shape="rect" href="$phmodel_8cpp.shtml" title="Read pH rules and assign charges." alt="" coords="2960,230,3059,256">
<area shape="rect" href="$ring_8cpp.shtml" title="Deal with rings, find smallest set of smallest rings (SSSR)." alt="" coords="3715,230,3784,256">
<area shape="rect" href="$rotor_8cpp.shtml" title="Rotate dihedral angles according to rotor rules." alt="" coords="3083,230,3157,256">
<area shape="rect" href="$transform_8cpp.shtml" title="Perform command&#45;line requested transformations for OBMol and SMARTS filtering." alt="" coords="3181,230,3285,256">
<area shape="rect" href="$typer_8cpp.shtml" title="Open Babel atom and aromaticity typer." alt="" coords="3309,230,3387,256">
<area shape="rect" href="$RDKitConv_8h.shtml" title="Allow conversion from OBMol to RDKit RWMol." alt="" coords="211,230,309,256">
<area shape="rect" href="$obmolecformat_8cpp.shtml" title="Subclass of OBFormat for conversion of OBMol." alt="" coords="112,304,248,331">
