<area shape="rect" href="$kinetics_8h.shtml" title="OBRateData and OBNasaThermoData classes." alt="" coords="1583,80,1660,107">
<area shape="rect" href="$mol_8h.shtml" title="Handle molecules. Declarations of OBMol, OBAtom, OBBond, OBResidue. (the main header..." alt="" coords="1735,80,1791,107">
<area shape="rect" href="$generic_8cpp.shtml" title="Handle OBGenericData classes. Custom data for atoms, bonds, etc." alt="" coords="3624,229,3715,256">
<area shape="rect" href="$rotamer_8h.shtml" title="Handle rotamer list data." alt="" coords="155,155,235,181">
<area shape="rect" href="$descriptor_8cpp.shtml" title="Base class for molecular descriptors." alt="" coords="3757,80,3864,107">
<area shape="rect" href="$alias_8h.shtml" title="OBGenericData class to for atom alias data (e.g., in 2D drawing programs for &quot;COOH&quot;)..." alt="" coords="3571,155,3632,181">
<area shape="rect" href="$builder_8h.shtml" title="Class to build 3D structures." alt="" coords="56,155,131,181">
<area shape="rect" href="$builder_8cpp.shtml" title="Handle OBBuilder class." alt="" coords="48,229,136,256">
<area shape="rect" href="$mol_8cpp.shtml" title="Handle molecules. Implementation of OBMol." alt="" coords="160,229,229,256">
<area shape="rect" href="$forcefield_8h.shtml" title="Handle forcefields." alt="" coords="360,155,448,181">
<area shape="rect" href="$forcefield_8cpp.shtml" title="Handle OBForceField class." alt="" coords="272,229,373,256">
<area shape="rect" href="$groupcontrib_8h.shtml" title="Handle group contribution algorithms." alt="" coords="767,229,876,256">
<area shape="rect" href="$obmolecformat_8h.shtml" title="Subclass of OBFormat for conversion of OBMol." alt="" coords="523,155,645,181">
<area shape="rect" href="$xml_8h.shtml" title="Declaration of XMLConversion, declaration and definition of XMLBaseFormat and XMLMoleculeFormat..." alt="" coords="507,229,563,256">
<area shape="rect" href="$optransform_8h.shtml" title="Operations to change molecules using a datafile of chemical transformations OBChemTsfm..." alt="" coords="669,155,776,181">
<area shape="rect" href="$parsmart_8h.shtml" title="Daylight SMARTS parser." alt="" coords="851,155,939,181">
<area shape="rect" href="$parsmart_8cpp.shtml" title="Implementation of Daylight SMARTS parser." alt="" coords="916,229,1017,256">
<area shape="rect" href="$pointgroup_8h.shtml" title="Brute&#45;force point group detection." alt="" coords="3448,155,3547,181">
<area shape="rect" href="$pointgroup_8cpp.shtml" title="Brute&#45;force point group detection." alt="" coords="2253,229,2365,256">
<area shape="rect" href="$reaction_8h.shtml" title="Handle chemical reactions (i.e., lists of reagents and products)." alt="" coords="1064,155,1147,181">
<area shape="rect" href="$atom_8cpp.shtml" title="Handle OBAtom class." alt="" coords="1171,155,1248,181">
<area shape="rect" href="$bond_8cpp.shtml" title="Handle OBBond class." alt="" coords="1272,155,1349,181">
<area shape="rect" href="$bondtyper_8cpp.shtml" title="Bond typer to perceive connectivity and bond orders/types." alt="" coords="1373,155,1480,181">
<area shape="rect" href="$canon_8cpp.shtml" title="Canonical numbering of SMILES, molecules and fragments." alt="" coords="1504,155,1589,181">
<area shape="rect" href="$chains_8cpp.shtml" title="Parse for macromolecule chains and residues." alt="" coords="1613,155,1699,181">
<area shape="rect" href="$chiral_8cpp.shtml" title="Detect chiral atoms and molecules." alt="" coords="1723,155,1803,181">
<area shape="rect" href="$data_8cpp.shtml" title="Global data and resource file parsers." alt="" coords="1827,155,1901,181">
<area shape="rect" href="$grid_8cpp.shtml" title="Handle grids of values." alt="" coords="1925,155,1995,181">
<area shape="rect" href="$griddata_8cpp.shtml" title="OBGenericData class to connect numeric grids (e.g., orbitals, electrostatic potential)..." alt="" coords="2019,155,2115,181">
<area shape="rect" href="$kekulize_8cpp.shtml" title="Alternate algorithm to kekulize a molecule (OBMol::NewPerceiveKekuleBonds())." alt="" coords="2139,155,2235,181">
<area shape="rect" href="$molchrg_8cpp.shtml" title="Assign Gasteiger partial charges." alt="" coords="2259,155,2355,181">
<area shape="rect" href="$obiter_8cpp.shtml" title="STL&#45;style iterators for Open Babel." alt="" coords="2379,155,2459,181">
<area shape="rect" href="$obutil_8cpp.shtml" title="Various utility methods." alt="" coords="2483,155,2563,181">
<area shape="rect" href="$ops_8cpp.shtml" title="Base plugin class for operations on molecules." alt="" coords="2587,155,2656,181">
<area shape="rect" href="$patty_8cpp.shtml" title="Programmable atom typer." alt="" coords="2680,155,2757,181">
<area shape="rect" href="$phmodel_8cpp.shtml" title="Read pH rules and assign charges." alt="" coords="2781,155,2880,181">
<area shape="rect" href="$ring_8cpp.shtml" title="Deal with rings, find smallest set of smallest rings (SSSR)." alt="" coords="2904,155,2973,181">
<area shape="rect" href="$rotor_8cpp.shtml" title="Rotate dihedral angles according to rotor rules." alt="" coords="2997,155,3072,181">
<area shape="rect" href="$transform_8cpp.shtml" title="Perform command&#45;line requested transformations for OBMol and SMARTS filtering." alt="" coords="3096,155,3200,181">
<area shape="rect" href="$typer_8cpp.shtml" title="Open Babel atom and aromaticity typer." alt="" coords="3224,155,3301,181">
<area shape="rect" href="$RDKitConv_8h.shtml" title="Allow conversion from OBMol to RDKit RWMol." alt="" coords="3325,155,3424,181">
