<area shape="rect" href="$obutil_8h.shtml" title="Various utility methods." alt="" coords="220,80,287,107">
<area shape="rect" href="$vector3_8h.shtml" title="Handle 3D coordinates." alt="" coords="573,80,653,107">
<area shape="rect" href="$rand_8cpp.shtml" title="Pseudo random number generator." alt="" coords="677,80,752,107">
<area shape="rect" href="$generic_8h.shtml" title="Handle generic data classes. Custom data for atoms, bonds, etc." alt="" coords="480,155,557,181">
<area shape="rect" href="$obutil_8cpp.shtml" title="Various utility methods." alt="" coords="371,304,451,331">
<area shape="rect" href="$matrix3x3_8cpp.shtml" title="Handle 3D rotation matrix." alt="" coords="232,229,339,256">
<area shape="rect" href="$spacegroup_8cpp.shtml" title="Handle Crystallographic Space Groups." alt="" coords="5,155,123,181">
<area shape="rect" href="$vector3_8cpp.shtml" title="Handle 3D coordinates." alt="" coords="248,155,341,181">
<area shape="rect" href="$mol_8h.shtml" title="Handle molecules. Declarations of OBMol, OBAtom, OBBond, OBResidue. (the main header..." alt="" coords="537,229,593,256">
<area shape="rect" href="$atom_8h.shtml" title="Handle atoms." alt="" coords="581,155,645,181">
<area shape="rect" href="$grid_8h.shtml" title="Handle grids of values." alt="" coords="720,155,776,181">
<area shape="rect" href="$griddata_8h.shtml" title="OBGenericData class to connect numeric grids (e.g., orbitals, electrostatic potential)..." alt="" coords="800,155,883,181">
<area shape="rect" href="$matrix3x3_8h.shtml" title="Handle 3D Rotation matrix." alt="" coords="365,155,456,181">
