<area shape="rect" href="$atom_8h.shtml" title="Handle atoms." alt="" coords="287,80,351,107">
<area shape="rect" href="$mol_8h.shtml" title="Handle molecules. Declarations of OBMol, OBAtom, OBBond, OBResidue. (the main header..." alt="" coords="200,229,256,256">
<area shape="rect" href="$residue_8cpp.shtml" title="Handle macromolecule residues." alt="" coords="533,229,624,256">
<area shape="rect" href="$bond_8h.shtml" title="Handle bonds." alt="" coords="381,155,445,181">
<area shape="rect" href="$atom_8cpp.shtml" title="Handle OBAtom class." alt="" coords="5,304,83,331">
<area shape="rect" href="$builder_8cpp.shtml" title="Handle OBBuilder class." alt="" coords="461,304,549,331">
<area shape="rect" href="$forcefield_8cpp.shtml" title="Handle OBForceField class." alt="" coords="336,304,437,331">
<area shape="rect" href="$grid_8cpp.shtml" title="Handle grids of values." alt="" coords="107,304,176,331">
<area shape="rect" href="$pointgroup_8cpp.shtml" title="Brute&#45;force point group detection." alt="" coords="200,304,312,331">
